[11032];A=00:5a:59:00:09:14;AValue=-45;B=00:5a:59:00:06:60;BValue=-70;Battery=4.0;120413134621
[11032];A=00:5a:59:00:09:14;AValue=-57;B=00:5a:59:00:06:60;BValue=-83;Battery=4.0;120413134628
[11032];A=00:5a:59:00:09:14;AValue=-71;B=00:5a:59:00:06:60;BValue=-77;Battery=4.0;120413134638
[11032];A=00:5a:59:00:09:14;AValue=-62;B=00:5a:59:00:06:60;BValue=-87;Battery=4.0;120413135330
[11032];A=00:5a:59:00:09:14;AValue=-57;B=00:5a:59:00:06:60;BValue=-85;Battery=4.0;120413135338
[11032];A=00:5a:59:00:09:14;AValue=-66;B=00:5a:59:00:06:60;BValue=-86;Battery=4.0;120413135358
[11032];A=00:5a:59:00:09:14;AValue=-62;B=00:5a:59:00:06:60;BValue=-87;Battery=4.0;120413135408
[11032];A=00:5a:59:00:09:14;AValue=-54;B=00:5a:59:00:06:60;BValue=-87;Battery=4.0;120413135418
